20772 0 GLd3aX16zBg.mp4
20772 1824 zWHu95io9B4.mp4
20772 409 a3ZvOvo49WE.mp4
20772 4506 KpzFf81iax8.mp4
20772 4012 VwBJ230pjSk.mp4
20772 3657 _AZ5jo3y7V4.mp4
20772 2286 mer7ECSKflk.mp4
20772 1679 LMoGwLqPM64.mp4
20772 1424 RAsemdTGDYk.mp4
20772 6912 4PAmIrh4heE.mp4
20772 520 Aa4rc5Exz24.mp4
20772 488 bQ3QYyFglc0.mp4
20772 1535 JlXYqpEWUuA.mp4
20772 3582 7v2kaXqLNCY.mp4
20772 3811 JdDL-ekwq2A.mp4
20772 8279 oITe5vDxbVo.mp4
20772 434 D0EAxdmzjzE.mp4
20772 3257 kTVcpmqpXJ8.mp4
20772 6873 FUtv6PjKjDE.mp4
20772 3611 sJLapskS7KU.mp4
20772 7359 Ns8su84olsQ.mp4
20772 4557 xDp6cWoPMzo.mp4
20772 106 dxSSb3tv5ZM.mp4
20772 2615 pUmjiLjhxgc.mp4
20772 6924 LSOdpif-DCc.mp4
20772 5574 dg47TZzD2GM.mp4
20772 4552 60TXip7-W-E.mp4
20772 2547 POgIE_9QuYA.mp4
20772 3527 wKHC2gbRdA0.mp4
20772 5514 n2Tq29hTKgM.mp4
20772 1674 a6Axxe-Q9K0.mp4
20772 1519 T2lxCGJ9ekg.mp4
20772 6224 9CLtnYV28bY.mp4
20772 1584 LrfB-u6Y7Vg.mp4
20772 5635 Yt_oQZkwnZA.mp4
20772 4333 l6Wblq6yIk0.mp4
20772 711 i4ZAwUoP8c4.mp4
20772 7527 x2O99s2EOXg.mp4
20772 8785 TvKIeO1kmR4.mp4
20772 2045 HcheHWBXjr4.mp4
20772 6201 mygg-vW_pRM.mp4
8092 0 GLd3aX16zBg.mp4
8092 8686 9r-OKNP1V60.mp4
8092 1381 AEpS4UBE6ds.mp4
8092 1129 FQRC8urWpew.mp4
8092 690 QpDxIXV6VTE.mp4
8092 1938 CElmXCveb48.mp4
8092 8737 UUlfKJ9M_pQ.mp4
8092 1116 X1mE2IWeamI.mp4
8092 175 frCFxOt9390.mp4
8092 2418 v-GtKLHLmsU.mp4
8092 3018 5ZWUiD2OL04.mp4
8092 2662 LlzW9bBIPoA.mp4
8092 3868 QuHIxCOkTAo.mp4
8092 3264 WesunejhXFI.mp4
8092 8499 w0FBc7-Acs8.mp4
8092 2877 Fp_d1SlbG_0.mp4
8092 7644 XEHUV09m7Ok.mp4
8092 3158 L_g38nzrJDA.mp4
8092 5015 O7nS_uu3CZo.mp4
8092 4074 aKgeBCbVGgQ.mp4
8092 4031 nRageCYhbO8.mp4
8092 1042 ny7G1uw36J0.mp4
8092 8588 cgtskudIpvg.mp4
8092 7733 P0QvEM1pyMU.mp4
8092 7601 f-h7OM5HM0Q.mp4
8092 3142 dPQmCSYmwA8.mp4
8092 8257 p1RgI4R8VX4.mp4
8092 6715 0q38LzW-axY.mp4
8092 6345 LA6DXaQ5vGQ.mp4
8092 4194 2RW7l4zbS_k.mp4
8092 839 QS0I7mLQIgc.mp4
8092 2444 pz1pXfa208Y.mp4
8092 7964 g5qy84ftuIw.mp4
8092 8074 fetFXsc6G5s.mp4
8092 2804 JAF3Bpy-AsY.mp4
8092 7534 pe64g9YAOtM.mp4
8092 4411 eX2r9gvdt1o.mp4
8092 3 GLd3aX16zBg.mp4
8092 606 TFJ6oR89Vb8.mp4
8092 1833 vglhM2iVGSo.mp4
8092 1863 BrtC6jhKBp0.mp4
8092 214 -xbTvALWCIg.mp4
8092 5988 j878b3cSqEw.mp4
8092 4973 uq1uP-b7KxY.mp4
8092 1323 s99K_WyajB8.mp4
8092 5142 ZGLv-uyeQWU.mp4
8092 7597 y0c17Wxj_TI.mp4
8092 4339 l6Wblq6yIk0.mp4
8092 8811 A68bBM_5wUY.mp4
8092 8543 nfJ8Hsh7L_c.mp4
8092 2752 5SMOBHTBPjA.mp4
8092 3981 CtAJhyW0j_M.mp4
8092 8563 qpxPlQ0IfLk.mp4
8092 1969 d_-261CDy18.mp4
8092 4151 -h8c5sLelZ4.mp4
8092 4558 xDp6cWoPMzo.mp4
8092 4677 VSrY0ORD394.mp4
8092 3538 5B1jpHgRetQ.mp4
8092 8255 p1RgI4R8VX4.mp4
8092 5971 oHISYcjakpk.mp4
8092 6649 use_geIKnFc.mp4
8092 5173 AGq4lnC_WVo.mp4
8092 432 D0EAxdmzjzE.mp4
8092 808 zW4yoTwjtJs.mp4
8092 8279 oITe5vDxbVo.mp4
8092 2885 x3yKLl3q7xk.mp4
8092 5094 pS5T4dCCclQ.mp4
8092 7431 Nxt9F9WjdcU.mp4
8092 2080 ueGKsfUW-PM.mp4
8092 3658 _AZ5jo3y7V4.mp4
8092 368 L-NOPLU4JOQ.mp4
8092 2743 zFKhct4g8as.mp4
8092 8218 zwbCD3CUFIs.mp4
8092 5555 XpYgHLTeUd4.mp4
8092 575 Ex2yu23wyHA.mp4
8092 6346 LA6DXaQ5vGQ.mp4
8092 2328 yqpMSBZaNno.mp4
8092 4048 DsKNKsXCLJw.mp4
8092 3653 _HtTUAmEqts.mp4
8092 6954 Epl4sPuetO0.mp4
8092 6421 qH6kSDQMiFA.mp4
8092 4676 VSrY0ORD394.mp4
8092 7098 ukdv_PowcM8.mp4
8092 6712 0q38LzW-axY.mp4
8092 3856 YLmAvKNX0mI.mp4
8092 3627 4TjB1J4QoUQ.mp4
8092 1130 FQRC8urWpew.mp4
8092 4179 D95guPY38bc.mp4
8092 3252 zuDJIPoSl7o.mp4
8092 2817 1BgVCXxPjIc.mp4
8092 7273 V9GsyAcKk_c.mp4
8092 4398 DBJUD9V-1rQ.mp4
8092 5687 _eUYGNVVUD0.mp4
8092 2310 uf65nfh6X2U.mp4
8092 1918 YUWG15N2yW4.mp4
8092 2015 uJuGp3BUD6o.mp4
8092 1772 _b5ZFYRGFDg.mp4
8092 1527 k-aTILi_nLY.mp4
8092 4056 DsKNKsXCLJw.mp4
8092 8326 MlRpwrhXKBQ.mp4
8092 4433 LEqqsROtG-I.mp4
8092 3943 HWdaqQP5460.mp4
8092 7859 EA4EWlv6HUM.mp4
8092 8450 eoQlmIcaCvE.mp4
8092 7366 RV0_DWkbjx8.mp4
8092 574 Ex2yu23wyHA.mp4
8092 6595 EcPsOyNjKYE.mp4
8092 1985 AoPDhr5qkxY.mp4
8092 4954 ETXVbDoMKbQ.mp4
8092 234 z_ZHVTqbSZo.mp4
8092 1500 4UDMcBe5D3A.mp4
8092 4961 fEN_fm6kX6k.mp4
8092 1154 WEAobzGzPFI.mp4
8092 1578 LrfB-u6Y7Vg.mp4
8092 8541 nfJ8Hsh7L_c.mp4
8092 1675 a6Axxe-Q9K0.mp4
8092 167 7Ui4OCsawAU.mp4
8092 1593 Y4SijHJ02Zg.mp4
8092 7580 R-_LEZ41Pt4.mp4
8092 4184 vpRz4jPFCmo.mp4
8092 2143 FfyOV00sXEY.mp4
8092 8423 osJxKebjqnU.mp4
8092 99 dxSSb3tv5ZM.mp4
8092 1624 UVHIuuQ0-nA.mp4
8092 6031 KchBiFT7Vlg.mp4
8092 8344 k3nRPKCyyVg.mp4
8092 7153 4gPBv7le5pw.mp4
8092 4816 R4ZerUrULLk.mp4
8092 4510 KpzFf81iax8.mp4
8092 7358 Ns8su84olsQ.mp4
8092 8471 YuY7aqO0HxU.mp4
8092 2797 b34VwqSkRE0.mp4
8092 3479 E46hfYyQzD4.mp4
8092 2774 QUV_oA9DrGw.mp4
10384 0 GLd3aX16zBg.mp4
10384 1824 zWHu95io9B4.mp4
10384 409 a3ZvOvo49WE.mp4
10384 4506 KpzFf81iax8.mp4
10384 4012 VwBJ230pjSk.mp4
10384 3657 _AZ5jo3y7V4.mp4
10384 2286 mer7ECSKflk.mp4
10384 1679 LMoGwLqPM64.mp4
10384 1424 RAsemdTGDYk.mp4
10384 6912 4PAmIrh4heE.mp4
10384 520 Aa4rc5Exz24.mp4
10384 488 bQ3QYyFglc0.mp4
10384 1535 JlXYqpEWUuA.mp4
10384 3582 7v2kaXqLNCY.mp4
10384 3811 JdDL-ekwq2A.mp4
10384 8279 oITe5vDxbVo.mp4
10384 7359 Ns8su84olsQ.mp4
10384 4557 xDp6cWoPMzo.mp4
10384 106 dxSSb3tv5ZM.mp4
10384 2615 pUmjiLjhxgc.mp4
10384 6924 LSOdpif-DCc.mp4
10384 5574 dg47TZzD2GM.mp4
10384 4552 60TXip7-W-E.mp4
10384 2547 POgIE_9QuYA.mp4
10384 3527 wKHC2gbRdA0.mp4
10384 5514 n2Tq29hTKgM.mp4
10384 1674 a6Axxe-Q9K0.mp4
10384 1519 T2lxCGJ9ekg.mp4
10384 6224 9CLtnYV28bY.mp4
10384 1584 LrfB-u6Y7Vg.mp4
10384 5881 djKnQP_LvSk.mp4
10384 5635 Yt_oQZkwnZA.mp4
10384 4333 l6Wblq6yIk0.mp4
10384 711 i4ZAwUoP8c4.mp4
10384 7527 x2O99s2EOXg.mp4
10384 8785 TvKIeO1kmR4.mp4
10384 2045 HcheHWBXjr4.mp4
10384 4741 0JVmVXLrNZo.mp4
10384 1307 IPl_MdY9yNQ.mp4
10384 3814 KCIGy7lt_Og.mp4
10384 1654 OIHLdm9BuoU.mp4
10384 6227 9CLtnYV28bY.mp4
10384 4554 60TXip7-W-E.mp4
